[learnix.in/index.html]
[learnix.in/css/bootstrap.css]
[learnix.in/css/bootstrap.min.css]
[learnix.in/style.css]
[backblue.gif]
[fade.gif]
[index.html]
[learnix.in/index-2.html]
[learnix.in/logo.png]
[learnix.in/ABOUT.html]
[learnix.in/Career.html]
[learnix.in/Partners.html]
[learnix.in/Contact.html]
[learnix.in/Product.html]
[learnix.in/res/logo_small/digital.png]
[learnix.in/res/logo_small/smartgyan.png]
[learnix.in/res/logo_small/entrancesol.png]
[learnix.in/jquery-1.11.1.min.js]
[learnix.in/js/bootstrap.js]
[learnix.in/jquery.js]
[learnix.in/index.html]
[learnix.in/fonts/glyphicons-halflings-regular.eot]
[learnix.in/fonts/glyphicons-halflings-regular.woff]
[learnix.in/css/bootstrap.css]
[learnix.in/fonts/glyphicons-halflings-regular.svg]
[learnix.in/css/bootstrap.min.css]
[learnix.in/fonts/glyphicons-halflings-regulard41d.eot]
[learnix.in/res/tech1.jpg]
[learnix.in/fonts/glyphicons-halflings-regular.ttf]
[learnix.in/res/FC000632-(Copy]
[learnix.in/res/career.jpg]
[learnix.in/fonts/Lato-Lig.ttf]
[learnix.in/res/partners.jpg]
[learnix.in/fonts/Lato-Reg.ttf]
[learnix.in/res/services.jpg]
[learnix.in/res/social.png]
[learnix.in/style.css]
[learnix.in/index-2.html]
[learnix.in/res/imran-150x150.jpg]
[learnix.in/res/manish-e1388598955156-150x150.jpg]
[learnix.in/res/chetan-1-150x150.jpg]
[learnix.in/ABOUT.html]
[learnix.in/Career.html]
[learnix.in/Partners.html]
[learnix.in/js/maps.js]
[learnix.in/Contact.html]
[learnix.in/Product.html]
[learnix.in/fonts/glyphicons-halflings-regular.svg]
[learnix.in/res/FC000632-(Copy.html]
